
 Start  Stop   Length Name               Class              Group

 00000H 0000FH 0000FH PROC_TEXT          CODE               (none)
 00010H 00093H 00083H ENTERCODE          CODE               (none)
 000A0H 00155H 000B5H Location_TEXT      CODE               (none)
 00160H 002BBH 0015BH TableExt_TEXT      CODE               (none)
 002C0H 004B1H 001F1H Exceptions_TEXT    CODE               (none)
 004C0H 0071EH 0025EH ObjectGenerator_TEXT CODE               (none)
 00720H 009BEH 0029EH MyStrings_TEXT     CODE               (none)
 009C0H 00D57H 00397H Table_TEXT         CODE               (none)
 00D60H 012C4H 00564H M2Assem_TEXT       CODE               (none)
 012D0H 0190FH 0063FH Interface_TEXT     CODE               (none)
 01910H 01FFFH 006EFH TableTrees_TEXT    CODE               (none)
 02000H 029B7H 009B7H PseudoOps_TEXT     CODE               (none)
 029C0H 035B6H 00BF6H Listing_TEXT       CODE               (none)
 035C0H 04296H 00CD6H Lex_TEXT           CODE               (none)
 042A0H 05A4BH 017ABH Expression_TEXT    CODE               (none)
 05A50H 08325H 028D5H _TEXT              CODE               (none)
 08330H 0BFA9H 03C79H ADM_TEXT           CODE               (none)
 0BFB0H 0BFBEH 0000EH _INIT              INIT_CODE          (none)
 0BFC0H 0BFD2H 00012H EMU_STATE          DATA               DGROUP 
 0BFD2H 1799AH 0B9C8H _CONST             DATA               DGROUP 
 1799AH 17A9BH 00101H _DATA              DATA               DGROUP 
 17A9BH 17A9CH 00001H BSS_START          BSS                DGROUP 
 17A9CH 17A9CH 00000H CONST              CONST              DGROUP 
 17A9CH 1982DH 01D91H _BSS               BSS                DGROUP 
 1982DH 1982DH 00000H BSS_END            BSS                DGROUP 
 1982DH 1982EH 00001H NEAR_STACK         BSS                DGROUP 
 1982EH 1982EH 00000H NEAR_HEAP          BSS                DGROUP 
 19830H 1D830H 04000H STACK              STACK              (none)

  Address         Publics by Value

 0000:0000       __set_machine_id
 0000:000E       @MachineId
 000A:0002       Location$ResetLocation
 000A:000E       Location$SetLocation
 000A:004E       Location$CurrentLocation
 000A:0056       Location$INCLocation
 000A:00AA       Location$LocationShutdown
 0016:0002       TableExt$InsertCommand
 0016:00AC       TableExt$InsertSymbol
 002C:000C       Exceptions$Raise
 002C:01C0       Exceptions$ProgramStatus
 002C:01C4       Exceptions$Number
 004C:0006       ObjectGenerator$StartObject
 004C:00AE       ObjectGenerator$StopObject
 004C:00C6       ObjectGenerator$SetFormat
 004C:00CA       ObjectGenerator$AddCode
 004C:0130       ObjectGenerator$ObjectOutput
 004C:0134       ObjectGenerator$ObjectGeneratorShutdown
 0072:0002       MyStrings$InitialiseAString
 0072:000E       MyStrings$ArrayToString
 0072:0058       MyStrings$CapitaliseString
 0072:00B0       MyStrings$ConcatStrings
 0072:014A       MyStrings$CharInString
 0072:0186       MyStrings$LengthOfString
 0072:01BE       MyStrings$MakeSubstring
 0072:01FC       MyStrings$EmptyString
 0072:020E       MyStrings$AlphabeticallyLess
 0072:025C       MyStrings$EqualStrings
 009C:0002       Table$IsRoom
 009C:0008       Table$IsIn
 009C:0056       Table$Retrieve
 009C:00C8       Table$Insert
 009C:0118       Table$Amend
 009C:01B2       Table$Greater
 009C:0274       Table$NextInOrder
 009C:02D4       Table$TableShutdown
 012D:000C       Interface$FileExists
 012D:0024       Interface$CreateAFile
 012D:0186       Interface$OpenAFile
 012D:0260       Interface$CloseAFile
 012D:0270       Interface$EndOfFile
 012D:0274       Interface$ReadAString
 012D:02DA       Interface$WriteAString
 012D:035A       Interface$WriteAChar
 012D:03C2       Interface$WriteALine
 012D:041E       Interface$WriteACard
 012D:0480       Interface$WriteALongInt
 012D:04F0       Interface$WriteALongHex
 012D:0560       Interface$ReadArgument
 012D:056E       Interface$NumberOfArguments
 012D:0574       Interface$GetTime
 012D:05BE       Interface$GetDate
 012D:0606       Interface$InterfaceShutdown
 0191:0002       TableTrees$IsRoomInTree
 0191:000C       TableTrees$InsertInTree
 0191:0128       TableTrees$IsInTree
 0191:01FE       TableTrees$DeleteFromTree
 0191:03CE       TableTrees$RetrieveFromTree
 0191:04BE       TableTrees$NextInOrderInTree
 0200:0110       PseudoOps$AssemblePseudoOp
 0200:0182       PseudoOps$PseudoOpsShutdown
 029C:0002       Listing$AddLine
 029C:01BA       Listing$AddError
 029C:0210       Listing$StartListing
 029C:0360       Listing$StopListing
 029C:038C       Listing$SetPageLength
 029C:03C0       Listing$SetLineLength
 029C:03F4       Listing$INCPage
 029C:040E       Listing$INCLine
 029C:042C       Listing$SetTitle
 029C:0488       Listing$PurgeError
 029C:048E       Listing$SymbolTable
 029C:0492       Listing$CurrentlyListing
 029C:0496       Listing$CurrentSourceLine
 029C:049A       Listing$MCAssemblyRate
 029C:04A2       Listing$ListingShutdown
 035C:0002       Lex$ScanLine
 035C:0028       Lex$ScanOperand
 035C:0136       Lex$LexShutdown
 042A:0006       Expression$Evaluate
 042A:012E       Expression$CheckRegister
 042A:0288       Expression$ChangeBase
 042A:028C       Expression$ExpressionShutdown
 05A5:0006       _exit
 05A5:0024       __InitLoop
 05A5:00AA       __Term2
 05A5:00C2       __Term3
 05A5:00E5       __cleanup
 05A5:010E       __InitLink
 05A5:0126       __InitReset
 05A5:0144       __InitSetup
 05A5:01AB       __getheapbase
 05A5:01D0       __osversion
 05A5:0204       __setargv
 05A5:02BC       __exit
 05A5:0321       __real_pdef
 05A5:0321       __real_sdef
 05A5:032C       __startup
 05A5:03CD       $Stage2
 05A5:0414       __fp_0
 05A5:0426       @InProgramFlag
 05A5:0427       @StopProgramFlag
 05A5:0428       __errno__
 05A5:042E       __ioerr
 05A5:0444       __FatalErrorPos
 05A5:044E       __FatalError
 05A5:057B       @DosInterrupt
 05A5:05BB       __SigInit
 05A5:05D6       F$SgnMol
 05A5:05D6       F$UnsMol
 05A5:0635       F$SgnDiv
 05A5:06F0       F$UnsDiv
 05A5:0779       F$SgnRem
 05A5:0827       F$UnsRem
 05A5:08B6       F$UnsMul
 05A5:08FA       F$CnsStk
 05A5:0900       F$CnsPtr
 05A5:0906       F$CnsIdx
 05A5:090C       F$CnsOvr
 05A5:0912       F$CnsRng
 05A5:0918       F$CnsRet
 05A5:091E       F$CnsCase
 05A5:0924       F$CnsDiv
 05A5:092A       F$CnsPVC
 05A5:0969       __initm
 05A5:0977       $initm
 05A5:097B       $initm2
 05A5:09DF       $go
 05A5:0A72       __initio
 05A5:0AFA       __read
 05A5:0B16       __write
 05A5:0B32       _isatty
 05A5:0B4D       _lseek
 05A5:0B70       _tell
 05A5:0B90       __creat_trunc
 05A5:0B90       __creat
 05A5:0BAA       __open
 05A5:0BC6       __dos_close
 05A5:0BC6       __close
 05A5:0C43       FIO$Open
 05A5:0CAF       FIO$Create
 05A5:0D0B       FIO$Close
 05A5:0D78       FIO$GetPos
 05A5:0E83       FIO$Seek
 05A5:0F59       FIO$Exists
 05A5:0F92       FIO$AssignBuffer
 05A5:10C7       FIO$Flush
 05A5:1179       FIO$WrChar
 05A5:11FC       FIO$WrLngInt
 05A5:1245       FIO$WrCard
 05A5:128F       FIO$WrLngHex
 05A5:12D8       FIO$WrStr
 05A5:1302       FIO$WrStrAdj
 05A5:13D0       FIO$WrLn
 05A5:13E7       FIO$WrCharRep
 05A5:143B       FIO$WrBin
 05A5:165E       FIO$RdChar
 05A5:1722       FIO$RdStr
 05A5:1B09       Lib$FarWordFill
 05A5:1B14       Str$Length
 05A5:1B2C       Str$Append
 05A5:1B5F       Str$Copy
 05A5:1BA5       Standard$HALT
 05A5:1BAF       @LoadRegisters
 05A5:1BCB       @SaveRegisters
 05A5:1BF4       Lib$Dos
 05A5:1C4E       Lib$FarMove
 05A5:1C4E       Lib$Move
 05A5:1CCC       Str$IntToStr
 05A5:1DC4       Str$CardToStr
 05A5:1F02       Lib$ParamStr
 05A5:1F2A       Lib$ParamCount
 05A5:1F2F       Lib$SysErrno
 05A5:2004       IO$WrChar
 05A5:202B       IO$WrLngInt
 05A5:2069       IO$WrCard
 05A5:20AC       IO$WrLngHex
 05A5:20EA       IO$WrCharRep
 05A5:2138       IO$WrStr
 05A5:213D       IO$WrStrAdj
 05A5:2203       IO$WrLn
 05A5:2226       IO$RdStr
 05A5:222B       IO$RdLn
 05A5:22F8       __exit1
 05A5:22F8       __initmt
 05A5:22F8       __initwin
 05A5:22F8       __init_dummy
 05A5:22F8       __setvideomode
 05A5:22F9       __initgraph
 05A5:22FA       _AdjustMem
 05A5:2322       __getheapmem
 05A5:2375       Storage$FarAllocate
 05A5:23D2       Storage$FarDeallocate
 05A5:23FD       Storage$FarAvailable
 05A5:2436       Storage$FarMakeHeap
 05A5:2497       Storage$FarHeapAllocate
 05A5:259B       Storage$FarHeapAvail
 05A5:25E0       Storage$FarHeapDeallocate
 05A5:28BC       __FloatInit
 05A5:28C6       __FloatRestore
 05A5:28C6       __FloatFinish
 05A5:28C6       __FloatSave
 05A5:28C6       __FloatJmpSave
 05A5:28C6       __FloatLoadCW
 05A5:28C6       __FloatJmpRestore
 05A5:28C6       __FloatStoreCW
 05A5:28C6       __FloatMathExcepDos
 05A5:28C6       __FloatStoreSW
 05A5:28C6       __FloatExecSave
 05A5:28C6       __FloatInitInstance
 05A5:28C6       __FloatExecRestore
 05A5:28CB       __FloatMathExcepOs2
 0833:00CE       ADM$InsertOpcodesInTable
 0833:0B30       ADM$Assemble
 0BFC:669E       ADM$
 0BFC:6ADC       Exceptions$
 0BFC:7953       Expression$
 0BFC:844C       Interface$
 0BFC:8C75       Lex$
 0BFC:9C17       Listing$
 0BFC:9D2F       Location$
 0BFC:A60E       _main
 0BFC:A622       MyStrings$
 0BFC:A732       ObjectGenerator$
 0BFC:B5CC       PseudoOps$
 0BFC:B5E2       Table$
 0BFC:B800       TableExt$
 0BFC:B80E       TableTrees$
 0BFC:B8EF       FIO$
 0BFC:B8F9       SYSTEM$
 0BFC:B910       Str$
 0BFC:B91F       Lib$
 0BFC:B955       IO$
 0BFC:B9D0       Storage$
 0BFC:B9E2       __initx
 0BFC:B9EB       @InitCalled
 0BFC:B9ED       @InitGrandTotal
 0BFC:B9EF       @InitCurrent
 0BFC:B9F1       @InitRecPointer
 0BFC:B9F5       @InitPointer
 0BFC:B9F9       @StackContextSP
 0BFC:B9FB       @StackContextBP
 0BFC:B9FD       @InitDone
 0BFC:B9FE       @InitPriority
 0BFC:B9FF       __exit_ptr
 0BFC:BA03       __exit_top
 0BFC:BA07       standard@haltChain
 0BFC:BA0B       __farstack
 0BFC:BA0D       __sp_temp
 0BFC:BA0F       __ss_temp
 0BFC:BA11       _x_initx
 0BFC:BA15       _x_bss_end
 0BFC:BA17       _x_bss_start
 0BFC:BA19       __psp
 0BFC:BA1B       __env
 0BFC:BA1D       __heap_base
 0BFC:BA1F       __main_args
 0BFC:BA21       __env_init
 0BFC:BA23       __arg_init
 0BFC:BA25       STKHQQ
 0BFC:BA25       __stklen
 0BFC:BA27       __SSisDS
 0BFC:BA29       __far_ss
 0BFC:BA2B       __x_near_stack_start
 0BFC:BA2D       __heap_size
 0BFC:BA2F       __osmode
 0BFC:BA31       _x_main
 0BFC:BA35       __stk_base
 0BFC:BA37       __res_mem
 0BFC:BA3B       __fix_mem
 0BFC:BA3F       __shr_mem
 0BFC:BA43       @InitChain
 0BFC:BA47       __argc
 0BFC:BAA9       __open_max
 0BFC:BAC9       __iosetup
 0BFC:BACB       __doserrno
 0BFC:BAD1       SPAWN$
 0BFC:BADB       __bss_start
 0BFC:BADB       _edata
 0BFC:BADC       ADM@ValidRegisters
 0BFC:CD96       __argbuf
 0BFC:CE56       __hugeshift
 0BFC:CE58       __osmajor
 0BFC:CE5A       __osminor
 0BFC:CE5C       __exit_stk
 0BFC:CEDC       @ExitCode
 0BFC:CEDE       __exit_io
 0BFC:CEE2       __exit_file
 0BFC:CEE6       __exit_tmp
 0BFC:CEEA       __exit_proc
 0BFC:CEEE       __real_in
 0BFC:CEF0       __real_out
 0BFC:CEF2       __sigsetup
 0BFC:CEF4       __exitbreak
 0BFC:CEF8       __exitsig
 0BFC:CEFC       __exitgraph
 0BFC:CF00       __fmodmemsetup
 0BFC:CF01       __fmemsetup
 0BFC:CF02       __argv
 0BFC:CF82       CoreSig@CnsHandler
 0BFC:CF86       CoreSig@FatalErrorHandler
 0BFC:CF8A       @RecursiveExit
 0BFC:CF8C       _errno
 0BFC:CF8E       __pmd_stub
 0BFC:CF92       __iob
 0BFC:D172       __openfd
 0BFC:D19A       _BufInf
 0BFC:D7EA       FIO@IOcheck
 0BFC:D7EB       FIO@EOF
 0BFC:D7EC       FIO@ShareMode
 0BFC:D7EE       FIO@Separators
 0BFC:D80E       FIO@OK
 0BFC:D80F       FIO@ChopOff
 0BFC:D810       FIO@Eng
 0BFC:D811       FIO@PrefixChar
 0BFC:D812       FIO@SuffixChar
 0BFC:D813       FIO@EOL
 0BFC:D816       SYSTEM@HeapBase
 0BFC:D819       Lib@NilStr
 0BFC:D81A       Lib@RunTimeError
 0BFC:D81E       Lib@ExecSearchPath
 0BFC:D81F       Lib@PSP
 0BFC:D821       Lib@CommandLine
 0BFC:D829       IO@RdLnOnWr
 0BFC:D82A       IO@Prompt
 0BFC:D82B       IO@InputRedirected
 0BFC:D82C       IO@OutputRedirected
 0BFC:D82D       IO@WrStrRedirect
 0BFC:D831       IO@RdStrRedirect
 0BFC:D835       IO@Separators
 0BFC:D855       IO@OK
 0BFC:D856       IO@ChopOff
 0BFC:D857       IO@Eng
 0BFC:D858       IO@PrefixChar
 0BFC:D859       IO@SuffixChar
 0BFC:D85F       Storage@MainHeap
 0BFC:D863       Storage@NearHeap
 0BFC:D865       Storage@ClearOnAllocate
 0BFC:D866       Storage@Check
 0BFC:D86D       __near_stack_start
 0BFC:D86D       _end
 0BFC:D86D       __bss_end

Program entry point at 0001:0000
